
> backend@1.0.0 test
> NODE_ENV=test jest --runInBand

